// Jest Snapshot v1, https://goo.gl/fbAQLP

exports[`Component renders as expected 1`] = `
<div>
  <CardTitle
    style={
      Object {
        "paddingBottom": "0",
        "paddingTop": "4px",
        "textAlign": "center",
      }
    }
    title="Appointment"
  />
  <Divider
    inset={false}
  />
  <CardText>
    <div
      className="appointmentHomeInfoHeader"
    >
      <div>
        What
      </div>
      <div>
        When
      </div>
      <div>
        Where
      </div>
    </div>
    <Divider
      inset={false}
    />
    <div
      className="appointmentHomeInfo"
    >
      <div
        id="appointmentHomeTitle"
      >
        --
      </div>
      <div
        id="appointmentHomeTime"
      >
        <span>
          --
        </span>
        <span>
          --
        </span>
      </div>
      <div
        id="appointmentHomePlace"
      >
        --
      </div>
    </div>
  </CardText>
  <RaisedButton
    disabled={false}
    fullWidth={false}
    labelPosition="after"
    primary={false}
    secondary={true}
    style={
      Object {
        "display": "flex",
      }
    }
  >
    <Link
      className="navLink"
      replace={false}
      to="/appointments"
    >
      CHECK YOUR APPOINTMENTS
    </Link>
  </RaisedButton>
</div>
`;
