// Jest Snapshot v1, https://goo.gl/fbAQLP

exports[`Component renders as expected 1`] = `
<div>
  <CardTitle
    style={
      Object {
        "paddingBottom": "4px",
        "paddingTop": "4px",
        "textAlign": "center",
      }
    }
    title="Notes"
  />
  <Divider
    inset={false}
  />
  <CardText
    className="noteHomeText"
  >
    You got no note.
  </CardText>
  <RaisedButton
    disabled={false}
    fullWidth={false}
    labelPosition="after"
    primary={false}
    secondary={true}
    style={
      Object {
        "display": "flex",
      }
    }
  >
    <Link
      className="navLink"
      replace={false}
      to="/note"
    >
      EDIT YOUR NOTE
    </Link>
  </RaisedButton>
</div>
`;
